******************************************************************************
                  TI ARM Linker Unix v18.12.1                  
******************************************************************************
>> Linked Fri Jun 21 12:27:33 2019

OUTPUT FILE NAME:   <Hibernate.out>
ENTRY POINT SYMBOL: "_c_int00_noinit_noargs"  address: 000006dd


MEMORY CONFIGURATION

         name            origin    length      used     unused   attr    fill
----------------------  --------  ---------  --------  --------  ----  --------
  FLASH                 00000000   00040000  0000084c  0003f7b4  R  X
  SRAM                  20000000   00008000  00000200  00007e00  RW X


SEGMENT ALLOCATION MAP

run origin  load origin   length   init length attrs members
----------  ----------- ---------- ----------- ----- -------
00000000    00000000    0000084c   0000084c    r-x
  00000000    00000000    0000026c   0000026c    r-- .intvecs
  0000026c    0000026c    00000574   00000574    r-x .text
  000007e0    000007e0    0000006c   0000006c    r-- .const
20000000    20000000    00000200   00000000    rw-
  20000000    20000000    00000200   00000000    rw- .stack


SECTION ALLOCATION MAP

 output                                  attributes/
section   page    origin      length       input sections
--------  ----  ----------  ----------   ----------------
.intvecs   0    00000000    0000026c     
                  00000000    0000026c     tm4c123gh6pm_startup_ccs.obj (.intvecs)

.text      0    0000026c    00000574     
                  0000026c    00000132     driverlib.lib : gpio.obj (.text:GPIOPadConfigSet)
                  0000039e    00000002     --HOLE-- [fill = 0]
                  000003a0    00000110                   : sysctl.obj (.text:SysCtlClockGet)
                  000004b0    000000f4                   : sysctl.obj (.text:SysCtlClockSet)
                  000005a4    00000074     main.obj (.text)
                  00000618    00000064     driverlib.lib : hibernate.obj (.text:HibernateWakeSet)
                  0000067c    00000034                   : sysctl.obj (.text:SysCtlPeripheralEnable)
                  000006b0    0000002c                   : hibernate.obj (.text:HibernateRTCSet)
                  000006dc    0000002c     rtsv7M4_T_le_v4SPD16_eabi.lib : boot_cortex_m.c.obj (.text:_c_int00_noinit_noargs:_c_int00_noinit_noargs)
                  00000708    0000002a     driverlib.lib : gpio.obj (.text:GPIODirModeSet)
                  00000732    00000018                   : gpio.obj (.text:GPIOPinTypeGPIOOutput)
                  0000074a    00000002     --HOLE-- [fill = 0]
                  0000074c    00000018                   : hibernate.obj (.text:HibernateGPIORetentionEnable)
                  00000764    00000014                   : hibernate.obj (.text:HibernateEnableExpClk)
                  00000778    00000014                   : hibernate.obj (.text:HibernateRTCEnable)
                  0000078c    00000014                   : hibernate.obj (.text:HibernateRequest)
                  000007a0    00000010                   : hibernate.obj (.text:HibernateRTCMatchSet)
                  000007b0    00000010                   : hibernate.obj (.text:_HibernateWriteComplete)
                  000007c0    0000000c     tm4c123gh6pm_startup_ccs.obj (.text)
                  000007cc    00000006     driverlib.lib : gpio.obj (.text:GPIOPinWrite)
                  000007d2    00000006                   : sysctl.obj (.text:SysCtlDelay)
                  000007d8    00000004     rtsv7M4_T_le_v4SPD16_eabi.lib : pre_init.c.obj (.text:_system_pre_init)
                  000007dc    00000004                                   : exit.c.obj (.text:abort:abort)

.const     0    000007e0    0000006c     
                  000007e0    0000006c     driverlib.lib : sysctl.obj (.const:g_pui32Xtals)

.cinit     0    00000000    00000000     UNINITIALIZED

.init_array 
*          0    00000000    00000000     UNINITIALIZED

.stack     0    20000000    00000200     UNINITIALIZED
                  20000000    00000004     rtsv7M4_T_le_v4SPD16_eabi.lib : boot_cortex_m.c.obj (.stack)
                  20000004    000001fc     --HOLE--

MODULE SUMMARY

       Module                         code   ro data   rw data
       ------                         ----   -------   -------
    ./
       tm4c123gh6pm_startup_ccs.obj   12     620       0      
       main.obj                       116    0         0      
    +--+------------------------------+------+---------+---------+
       Total:                         128    620       0      
                                                              
    ../driverlib.lib
       sysctl.obj                     574    108       0      
       gpio.obj                       378    0         0      
       hibernate.obj                  260    0         0      
    +--+------------------------------+------+---------+---------+
       Total:                         1212   108       0      
                                                              
    /Applications/ti/ccs901/ccs/tools/compiler/ti-cgt-arm_18.12.1.LTS/lib/rtsv7M4_T_le_v4SPD16_eabi.lib
       boot_cortex_m.c.obj            44     0         0      
       exit.c.obj                     4      0         0      
       pre_init.c.obj                 4      0         0      
    +--+------------------------------+------+---------+---------+
       Total:                         52     0         0      
                                                              
       Stack:                         0      0         512    
    +--+------------------------------+------+---------+---------+
       Grand Total:                   1392   728       512    


GLOBAL SYMBOLS: SORTED ALPHABETICALLY BY Name 

address   name                        
-------   ----                        
000007dd  C$$EXIT                     
00000709  GPIODirModeSet              
0000026d  GPIOPadConfigSet            
00000733  GPIOPinTypeGPIOOutput       
000007cd  GPIOPinWrite                
00000765  HibernateEnableExpClk       
0000074d  HibernateGPIORetentionEnable
00000779  HibernateRTCEnable          
000007a1  HibernateRTCMatchSet        
000006b1  HibernateRTCSet             
0000078d  HibernateRequest            
00000619  HibernateWakeSet            
000007c1  ResetISR                    
000003a1  SysCtlClockGet              
000004b1  SysCtlClockSet              
000007d3  SysCtlDelay                 
0000067d  SysCtlPeripheralEnable      
20000200  __STACK_END                 
00000200  __STACK_SIZE                
20000200  __STACK_TOP                 
ffffffff  __TI_pprof_out_hndl         
ffffffff  __TI_prof_data_size         
ffffffff  __TI_prof_data_start        
00000000  __TI_static_base__          
ffffffff  __binit__                   
ffffffff  __c_args__                  
UNDEFED   __mpu_init                  
20000000  __stack                     
000006dd  _c_int00_noinit_noargs      
000007d9  _system_pre_init            
000007dd  abort                       
ffffffff  binit                       
00000000  g_pfnVectors                
000005a5  main                        


GLOBAL SYMBOLS: SORTED BY Symbol Address 

address   name                        
-------   ----                        
00000000  __TI_static_base__          
00000000  g_pfnVectors                
00000200  __STACK_SIZE                
0000026d  GPIOPadConfigSet            
000003a1  SysCtlClockGet              
000004b1  SysCtlClockSet              
000005a5  main                        
00000619  HibernateWakeSet            
0000067d  SysCtlPeripheralEnable      
000006b1  HibernateRTCSet             
000006dd  _c_int00_noinit_noargs      
00000709  GPIODirModeSet              
00000733  GPIOPinTypeGPIOOutput       
0000074d  HibernateGPIORetentionEnable
00000765  HibernateEnableExpClk       
00000779  HibernateRTCEnable          
0000078d  HibernateRequest            
000007a1  HibernateRTCMatchSet        
000007c1  ResetISR                    
000007cd  GPIOPinWrite                
000007d3  SysCtlDelay                 
000007d9  _system_pre_init            
000007dd  C$$EXIT                     
000007dd  abort                       
20000000  __stack                     
20000200  __STACK_END                 
20000200  __STACK_TOP                 
ffffffff  __TI_pprof_out_hndl         
ffffffff  __TI_prof_data_size         
ffffffff  __TI_prof_data_start        
ffffffff  __binit__                   
ffffffff  __c_args__                  
ffffffff  binit                       
UNDEFED   __mpu_init                  

[34 symbols]
